<?php
$callback = fn ($foo, $bar): bool =>
    !! ($foo.$bar);
